Как прошел Сережин день
Сережин день прошел неплохо. Не так хорошо, как мог бы, но и нельзя сказать, чтобы прямо уж плохо. Поэтому неплохо. Сережа написал целых две функции в командном проекте по ООП. Но это не главное. Главное заключается в том, что впервые за долгих полгода дистанционного обучения Сережа наконец-то пришел в любимый университет. К сожалению, это не означает того, что Сережу выпустили с дистанционки, но все-таки, это большой шаг на пути к старой нормальной жизни. Пожелаем Сереже удачи в выходе с дистанционки. P. S. А я тут недавно понял, что я сам настолько привык к текущей жизни, что вряд ли смогу нормально учиться очно. Это печально :(.
2004-08-09T04:36:57Z
49