Базовая статья
#REDIRECT [[Заглавная страница]]
2004-08-09T04:36:57Z
49
Привет Артем
На нана на
2005-08-09T04:36:57Z
1
Првиет Артём
На нана на
2006-08-09T04:36:57Z
11
Ну где ты был
А дальше я не помню текст этой замечательной песни. Справедливости ради, стоит отметить, что в оригинале вообще-то был Андрей, но он в другой команде.
2008-08-09T04:36:57Z
111
Восьмое апреля две тысячи двадцать первого года
Сегодня был первый тур всероссийской олимпиады школьников по информатике, проходящей в Москве. Победил Тимофей Федосеев. Завтра будет второй тур. А ещё сегодня была проверка интегралов. После неё я считаю себя гением математического анализа. Я не смог вычислить один из двадцати интегралов и просто подменил его на другой случайный интеграл, который нашел в том же задачнике, а затем вычислил, как ни в чем не бывало. В итоге, Басок даже ничего не заметил.
2004-08-09T04:36:57Z
49